{"level":"info","time":"2025-08-21T08:31:45+07:00","message":"🍺 Shutdow signal receiver"}
{"level":"info","time":"2025-08-21T08:31:45+07:00","message":"🍺 Server exiting gracefully"}
{"level":"info","time":"2025-09-05T09:09:34Z","message":"✅ Loaded successfully env file: "}
{"level":"info","time":"2025-09-05T09:09:34Z","message":"🍻 Connected to database successfully"}
{"level":"info","time":"2025-09-05T09:09:34Z","message":"🍻🍺Connected to Redis successfully"}
{"level":"info","time":"2025-09-05T09:09:34Z","message":"❤️ Starting server on :8080"}
{"level":"info","time":"2025-09-05T09:20:40Z","message":"✅ Loaded successfully env file: "}
{"level":"info","time":"2025-09-05T09:20:40Z","message":"🍻 Connected to database successfully"}
{"level":"info","time":"2025-09-05T09:20:40Z","message":"🍻🍺Connected to Redis successfully"}
{"level":"info","time":"2025-09-05T09:20:40Z","message":"❤️ Starting server on :8080"}
{"level":"info","time":"2025-09-05T09:38:04Z","message":"✅ Loaded successfully env file: "}
{"level":"info","time":"2025-09-05T09:38:04Z","message":"🍻 Connected to database successfully"}
{"level":"info","time":"2025-09-05T09:38:04Z","message":"🍻🍺Connected to Redis successfully"}
{"level":"info","time":"2025-09-05T09:38:04Z","message":"❤️ Starting server on :8080"}
{"level":"info","time":"2025-09-05T09:58:21Z","message":"✅ Loaded successfully env file: "}
{"level":"info","time":"2025-09-05T09:58:21Z","message":"🍻 Connected to database successfully"}
{"level":"info","time":"2025-09-05T09:58:21Z","message":"🍻🍺Connected to Redis successfully"}
{"level":"info","time":"2025-09-05T09:58:21Z","message":"❤️ Starting server on :8080"}
{"level":"info","time":"2025-09-05T09:58:24Z","message":"✅ Loaded successfully env file: "}
{"level":"info","time":"2025-09-05T09:58:24Z","message":"🍻 Connected to database successfully"}
{"level":"info","time":"2025-09-05T09:58:24Z","message":"🍻🍺Connected to Redis successfully"}
{"level":"info","time":"2025-09-05T09:58:24Z","message":"❤️ Starting server on :8080"}
{"level":"info","time":"2025-09-05T10:00:09Z","message":"✅ Loaded successfully env file: "}
{"level":"info","time":"2025-09-05T10:00:09Z","message":"🍻 Connected to database successfully"}
{"level":"info","time":"2025-09-05T10:00:09Z","message":"🍻🍺Connected to Redis successfully"}
{"level":"info","time":"2025-09-05T10:00:09Z","message":"❤️ Starting server on :8080"}
{"level":"info","time":"2025-09-05T10:00:12Z","message":"✅ Loaded successfully env file: "}
{"level":"info","time":"2025-09-05T10:00:12Z","message":"🍻 Connected to database successfully"}
{"level":"info","time":"2025-09-05T10:00:12Z","message":"🍻🍺Connected to Redis successfully"}
{"level":"info","time":"2025-09-05T10:00:12Z","message":"❤️ Starting server on :8080"}
{"level":"info","time":"2025-09-05T10:00:18Z","message":"✅ Loaded successfully env file: "}
{"level":"info","time":"2025-09-05T10:00:18Z","message":"🍻 Connected to database successfully"}
{"level":"info","time":"2025-09-05T10:00:18Z","message":"🍻🍺Connected to Redis successfully"}
{"level":"info","time":"2025-09-05T10:00:18Z","message":"❤️ Starting server on :8080"}
{"level":"info","time":"2025-09-05T10:00:26Z","message":"✅ Loaded successfully env file: "}
{"level":"info","time":"2025-09-05T10:00:26Z","message":"🍻 Connected to database successfully"}
{"level":"info","time":"2025-09-05T10:00:26Z","message":"🍻🍺Connected to Redis successfully"}
{"level":"info","time":"2025-09-05T10:00:26Z","message":"❤️ Starting server on :8080"}
{"level":"info","time":"2025-09-05T10:00:33Z","message":"✅ Loaded successfully env file: "}
{"level":"info","time":"2025-09-05T10:00:33Z","message":"🍻 Connected to database successfully"}
{"level":"info","time":"2025-09-05T10:00:33Z","message":"🍻🍺Connected to Redis successfully"}
{"level":"info","time":"2025-09-05T10:00:33Z","message":"❤️ Starting server on :8080"}
{"level":"info","time":"2025-09-05T10:00:40Z","message":"✅ Loaded successfully env file: "}
{"level":"info","time":"2025-09-05T10:00:40Z","message":"🍻 Connected to database successfully"}
{"level":"info","time":"2025-09-05T10:00:40Z","message":"🍻🍺Connected to Redis successfully"}
{"level":"info","time":"2025-09-05T10:00:40Z","message":"❤️ Starting server on :8080"}
{"level":"info","time":"2025-09-05T10:00:44Z","message":"✅ Loaded successfully env file: "}
{"level":"info","time":"2025-09-05T10:00:44Z","message":"🍻 Connected to database successfully"}
{"level":"info","time":"2025-09-05T10:00:44Z","message":"🍻🍺Connected to Redis successfully"}
{"level":"info","time":"2025-09-05T10:00:44Z","message":"❤️ Starting server on :8080"}
{"level":"info","time":"2025-09-05T10:03:38Z","message":"✅ Loaded successfully env file: "}
{"level":"info","time":"2025-09-05T10:03:38Z","message":"🍻 Connected to database successfully"}
{"level":"info","time":"2025-09-05T10:03:38Z","message":"🍻🍺Connected to Redis successfully"}
{"level":"info","time":"2025-09-05T10:03:38Z","message":"❤️ Starting server on :8080"}
{"level":"info","time":"2025-09-05T10:03:41Z","message":"✅ Loaded successfully env file: "}
{"level":"info","time":"2025-09-05T10:03:41Z","message":"🍻 Connected to database successfully"}
{"level":"info","time":"2025-09-05T10:03:41Z","message":"🍻🍺Connected to Redis successfully"}
{"level":"info","time":"2025-09-05T10:03:41Z","message":"❤️ Starting server on :8080"}
{"level":"info","time":"2025-09-05T10:03:46Z","message":"✅ Loaded successfully env file: "}
{"level":"info","time":"2025-09-05T10:03:46Z","message":"🍻 Connected to database successfully"}
{"level":"info","time":"2025-09-05T10:03:46Z","message":"🍻🍺Connected to Redis successfully"}
{"level":"info","time":"2025-09-05T10:03:46Z","message":"❤️ Starting server on :8080"}
{"level":"info","time":"2025-09-05T10:03:50Z","message":"✅ Loaded successfully env file: "}
{"level":"info","time":"2025-09-05T10:03:50Z","message":"🍻 Connected to database successfully"}
{"level":"info","time":"2025-09-05T10:03:50Z","message":"🍻🍺Connected to Redis successfully"}
{"level":"info","time":"2025-09-05T10:03:50Z","message":"❤️ Starting server on :8080"}
{"level":"info","time":"2025-09-05T10:03:56Z","message":"✅ Loaded successfully env file: "}
{"level":"info","time":"2025-09-05T10:03:56Z","message":"🍻 Connected to database successfully"}
{"level":"info","time":"2025-09-05T10:03:56Z","message":"🍻🍺Connected to Redis successfully"}
{"level":"info","time":"2025-09-05T10:03:56Z","message":"❤️ Starting server on :8080"}
{"level":"info","time":"2025-09-05T10:04:04Z","message":"✅ Loaded successfully env file: "}
{"level":"info","time":"2025-09-05T10:04:04Z","message":"🍻 Connected to database successfully"}
{"level":"info","time":"2025-09-05T10:04:04Z","message":"🍻🍺Connected to Redis successfully"}
{"level":"info","time":"2025-09-05T10:04:04Z","message":"❤️ Starting server on :8080"}
{"level":"info","time":"2025-09-05T10:04:10Z","message":"✅ Loaded successfully env file: "}
{"level":"info","time":"2025-09-05T10:04:10Z","message":"🍻 Connected to database successfully"}
{"level":"info","time":"2025-09-05T10:04:10Z","message":"🍻🍺Connected to Redis successfully"}
{"level":"info","time":"2025-09-05T10:04:10Z","message":"❤️ Starting server on :8080"}
{"level":"info","time":"2025-09-05T10:05:14Z","message":"✅ Loaded successfully env file: "}
{"level":"info","time":"2025-09-05T10:05:14Z","message":"🍻 Connected to database successfully"}
{"level":"info","time":"2025-09-05T10:05:14Z","message":"🍻🍺Connected to Redis successfully"}
{"level":"info","time":"2025-09-05T10:05:14Z","message":"❤️ Starting server on :8080"}
{"level":"info","time":"2025-09-05T10:05:19Z","message":"✅ Loaded successfully env file: "}
{"level":"info","time":"2025-09-05T10:05:19Z","message":"🍻 Connected to database successfully"}
{"level":"info","time":"2025-09-05T10:05:19Z","message":"🍻🍺Connected to Redis successfully"}
{"level":"info","time":"2025-09-05T10:05:19Z","message":"❤️ Starting server on :8080"}
{"level":"info","time":"2025-09-05T10:05:42Z","message":"✅ Loaded successfully env file: "}
{"level":"info","time":"2025-09-05T10:05:42Z","message":"🍻 Connected to database successfully"}
{"level":"info","time":"2025-09-05T10:05:42Z","message":"🍻🍺Connected to Redis successfully"}
{"level":"info","time":"2025-09-05T10:05:42Z","message":"❤️ Starting server on :8080"}
{"level":"info","time":"2025-09-05T10:05:46Z","message":"✅ Loaded successfully env file: "}
{"level":"info","time":"2025-09-05T10:05:46Z","message":"🍻 Connected to database successfully"}
{"level":"info","time":"2025-09-05T10:05:46Z","message":"🍻🍺Connected to Redis successfully"}
{"level":"info","time":"2025-09-05T10:05:46Z","message":"❤️ Starting server on :8080"}
{"level":"info","time":"2025-09-05T10:06:59Z","message":"✅ Loaded successfully env file: "}
{"level":"info","time":"2025-09-05T10:06:59Z","message":"🍻 Connected to database successfully"}
{"level":"info","time":"2025-09-05T10:06:59Z","message":"🍻🍺Connected to Redis successfully"}
{"level":"info","time":"2025-09-05T10:06:59Z","message":"❤️ Starting server on :8080"}
{"level":"info","time":"2025-09-05T10:07:15Z","message":"✅ Loaded successfully env file: "}
{"level":"info","time":"2025-09-05T10:07:15Z","message":"🍻 Connected to database successfully"}
{"level":"info","time":"2025-09-05T10:07:15Z","message":"🍻🍺Connected to Redis successfully"}
{"level":"info","time":"2025-09-05T10:07:15Z","message":"❤️ Starting server on :8080"}
{"level":"info","time":"2025-09-05T10:07:20Z","message":"✅ Loaded successfully env file: "}
{"level":"info","time":"2025-09-05T10:07:20Z","message":"🍻 Connected to database successfully"}
{"level":"info","time":"2025-09-05T10:07:20Z","message":"🍻🍺Connected to Redis successfully"}
{"level":"info","time":"2025-09-05T10:07:20Z","message":"❤️ Starting server on :8080"}
{"level":"info","time":"2025-09-05T10:07:23Z","message":"✅ Loaded successfully env file: "}
{"level":"info","time":"2025-09-05T10:07:23Z","message":"🍻 Connected to database successfully"}
{"level":"info","time":"2025-09-05T10:07:23Z","message":"🍻🍺Connected to Redis successfully"}
{"level":"info","time":"2025-09-05T10:07:23Z","message":"❤️ Starting server on :8080"}
{"level":"info","time":"2025-09-05T10:10:48Z","message":"✅ Loaded successfully env file: "}
{"level":"info","time":"2025-09-05T10:10:48Z","message":"🍻 Connected to database successfully"}
{"level":"info","time":"2025-09-05T10:10:48Z","message":"🍻🍺Connected to Redis successfully"}
{"level":"info","time":"2025-09-05T10:10:48Z","message":"❤️ Starting server on :8080"}
{"level":"info","time":"2025-09-05T10:11:03Z","message":"✅ Loaded successfully env file: "}
{"level":"info","time":"2025-09-05T10:11:03Z","message":"🍻 Connected to database successfully"}
{"level":"info","time":"2025-09-05T10:11:03Z","message":"🍻🍺Connected to Redis successfully"}
{"level":"info","time":"2025-09-05T10:11:03Z","message":"❤️ Starting server on :8080"}
{"level":"info","time":"2025-09-05T10:11:10Z","message":"✅ Loaded successfully env file: "}
{"level":"info","time":"2025-09-05T10:11:10Z","message":"🍻 Connected to database successfully"}
{"level":"info","time":"2025-09-05T10:11:10Z","message":"🍻🍺Connected to Redis successfully"}
{"level":"info","time":"2025-09-05T10:11:10Z","message":"❤️ Starting server on :8080"}
{"level":"info","time":"2025-09-05T10:11:14Z","message":"✅ Loaded successfully env file: "}
{"level":"info","time":"2025-09-05T10:11:14Z","message":"🍻 Connected to database successfully"}
{"level":"info","time":"2025-09-05T10:11:14Z","message":"🍻🍺Connected to Redis successfully"}
{"level":"info","time":"2025-09-05T10:11:14Z","message":"❤️ Starting server on :8080"}
{"level":"info","time":"2025-09-05T10:11:22Z","message":"✅ Loaded successfully env file: "}
{"level":"info","time":"2025-09-05T10:11:22Z","message":"🍻 Connected to database successfully"}
{"level":"info","time":"2025-09-05T10:11:22Z","message":"🍻🍺Connected to Redis successfully"}
{"level":"info","time":"2025-09-05T10:11:22Z","message":"❤️ Starting server on :8080"}
{"level":"info","time":"2025-09-05T10:11:29Z","message":"✅ Loaded successfully env file: "}
{"level":"info","time":"2025-09-05T10:11:29Z","message":"🍻 Connected to database successfully"}
{"level":"info","time":"2025-09-05T10:11:29Z","message":"🍻🍺Connected to Redis successfully"}
{"level":"info","time":"2025-09-05T10:11:29Z","message":"❤️ Starting server on :8080"}
{"level":"info","time":"2025-09-05T10:12:39Z","message":"✅ Loaded successfully env file: "}
{"level":"info","time":"2025-09-05T10:12:39Z","message":"🍻 Connected to database successfully"}
{"level":"info","time":"2025-09-05T10:12:39Z","message":"🍻🍺Connected to Redis successfully"}
{"level":"info","time":"2025-09-05T10:12:39Z","message":"❤️ Starting server on :8080"}
{"level":"info","time":"2025-09-05T10:12:52Z","message":"✅ Loaded successfully env file: "}
{"level":"info","time":"2025-09-05T10:12:52Z","message":"🍻 Connected to database successfully"}
{"level":"info","time":"2025-09-05T10:12:52Z","message":"🍻🍺Connected to Redis successfully"}
{"level":"info","time":"2025-09-05T10:12:52Z","message":"❤️ Starting server on :8080"}
{"level":"info","time":"2025-09-05T10:13:06Z","message":"✅ Loaded successfully env file: "}
{"level":"info","time":"2025-09-05T10:13:06Z","message":"🍻 Connected to database successfully"}
{"level":"info","time":"2025-09-05T10:13:06Z","message":"🍻🍺Connected to Redis successfully"}
{"level":"info","time":"2025-09-05T10:13:06Z","message":"❤️ Starting server on :8080"}
{"level":"info","time":"2025-09-05T10:13:10Z","message":"✅ Loaded successfully env file: "}
{"level":"info","time":"2025-09-05T10:13:10Z","message":"🍻 Connected to database successfully"}
{"level":"info","time":"2025-09-05T10:13:10Z","message":"🍻🍺Connected to Redis successfully"}
{"level":"info","time":"2025-09-05T10:13:10Z","message":"❤️ Starting server on :8080"}
{"level":"info","time":"2025-09-05T10:13:14Z","message":"✅ Loaded successfully env file: "}
{"level":"info","time":"2025-09-05T10:13:14Z","message":"🍻 Connected to database successfully"}
{"level":"info","time":"2025-09-05T10:13:14Z","message":"🍻🍺Connected to Redis successfully"}
{"level":"info","time":"2025-09-05T10:13:14Z","message":"❤️ Starting server on :8080"}
{"level":"info","time":"2025-09-05T10:13:51Z","message":"✅ Loaded successfully env file: "}
{"level":"info","time":"2025-09-05T10:13:51Z","message":"🍻 Connected to database successfully"}
{"level":"info","time":"2025-09-05T10:13:51Z","message":"🍻🍺Connected to Redis successfully"}
{"level":"info","time":"2025-09-05T10:13:51Z","message":"❤️ Starting server on :8080"}
{"level":"info","time":"2025-09-05T10:14:07Z","message":"✅ Loaded successfully env file: "}
{"level":"info","time":"2025-09-05T10:14:07Z","message":"🍻 Connected to database successfully"}
{"level":"info","time":"2025-09-05T10:14:07Z","message":"🍻🍺Connected to Redis successfully"}
{"level":"info","time":"2025-09-05T10:14:07Z","message":"❤️ Starting server on :8080"}
{"level":"info","time":"2025-09-05T10:14:11Z","message":"✅ Loaded successfully env file: "}
{"level":"info","time":"2025-09-05T10:14:11Z","message":"🍻 Connected to database successfully"}
{"level":"info","time":"2025-09-05T10:14:11Z","message":"🍻🍺Connected to Redis successfully"}
{"level":"info","time":"2025-09-05T10:14:11Z","message":"❤️ Starting server on :8080"}
{"level":"info","time":"2025-09-05T10:14:16Z","message":"✅ Loaded successfully env file: "}
{"level":"info","time":"2025-09-05T10:14:16Z","message":"🍻 Connected to database successfully"}
{"level":"info","time":"2025-09-05T10:14:16Z","message":"🍻🍺Connected to Redis successfully"}
{"level":"info","time":"2025-09-05T10:14:16Z","message":"❤️ Starting server on :8080"}
{"level":"info","time":"2025-09-05T10:14:40Z","message":"✅ Loaded successfully env file: "}
{"level":"info","time":"2025-09-05T10:14:40Z","message":"🍻 Connected to database successfully"}
{"level":"info","time":"2025-09-05T10:14:40Z","message":"🍻🍺Connected to Redis successfully"}
{"level":"info","time":"2025-09-05T10:14:40Z","message":"❤️ Starting server on :8080"}
{"level":"info","time":"2025-09-05T10:14:57Z","message":"✅ Loaded successfully env file: "}
{"level":"info","time":"2025-09-05T10:14:57Z","message":"🍻 Connected to database successfully"}
{"level":"info","time":"2025-09-05T10:14:57Z","message":"🍻🍺Connected to Redis successfully"}
{"level":"info","time":"2025-09-05T10:14:57Z","message":"❤️ Starting server on :8080"}
{"level":"info","time":"2025-09-05T10:15:04Z","message":"✅ Loaded successfully env file: "}
{"level":"info","time":"2025-09-05T10:15:04Z","message":"🍻 Connected to database successfully"}
{"level":"info","time":"2025-09-05T10:15:04Z","message":"🍻🍺Connected to Redis successfully"}
{"level":"info","time":"2025-09-05T10:15:04Z","message":"❤️ Starting server on :8080"}
{"level":"info","time":"2025-09-05T10:20:48Z","message":"✅ Loaded successfully env file: "}
{"level":"info","time":"2025-09-05T10:20:48Z","message":"🍻 Connected to database successfully"}
{"level":"info","time":"2025-09-05T10:20:48Z","message":"🍻🍺Connected to Redis successfully"}
{"level":"info","time":"2025-09-05T10:20:48Z","message":"❤️ Starting server on :8080"}
{"level":"info","time":"2025-09-05T10:20:54Z","message":"✅ Loaded successfully env file: "}
{"level":"info","time":"2025-09-05T10:20:54Z","message":"🍻 Connected to database successfully"}
{"level":"info","time":"2025-09-05T10:20:54Z","message":"🍻🍺Connected to Redis successfully"}
{"level":"info","time":"2025-09-05T10:20:54Z","message":"❤️ Starting server on :8080"}
{"level":"info","time":"2025-09-05T10:20:57Z","message":"✅ Loaded successfully env file: "}
{"level":"info","time":"2025-09-05T10:20:57Z","message":"🍻 Connected to database successfully"}
{"level":"info","time":"2025-09-05T10:20:57Z","message":"🍻🍺Connected to Redis successfully"}
{"level":"info","time":"2025-09-05T10:20:57Z","message":"❤️ Starting server on :8080"}
{"level":"info","time":"2025-09-05T10:21:04Z","message":"✅ Loaded successfully env file: "}
{"level":"info","time":"2025-09-05T10:21:04Z","message":"🍻 Connected to database successfully"}
{"level":"info","time":"2025-09-05T10:21:04Z","message":"🍻🍺Connected to Redis successfully"}
{"level":"info","time":"2025-09-05T10:21:04Z","message":"❤️ Starting server on :8080"}
{"level":"info","time":"2025-09-05T10:21:08Z","message":"✅ Loaded successfully env file: "}
{"level":"info","time":"2025-09-05T10:21:08Z","message":"🍻 Connected to database successfully"}
{"level":"info","time":"2025-09-05T10:21:08Z","message":"🍻🍺Connected to Redis successfully"}
{"level":"info","time":"2025-09-05T10:21:08Z","message":"❤️ Starting server on :8080"}
{"level":"info","time":"2025-09-05T10:21:51Z","message":"✅ Loaded successfully env file: "}
{"level":"info","time":"2025-09-05T10:21:51Z","message":"🍻 Connected to database successfully"}
{"level":"info","time":"2025-09-05T10:21:51Z","message":"🍻🍺Connected to Redis successfully"}
{"level":"info","time":"2025-09-05T10:21:51Z","message":"❤️ Starting server on :8080"}
{"level":"info","time":"2025-09-05T10:24:01Z","message":"✅ Loaded successfully env file: "}
{"level":"info","time":"2025-09-05T10:24:01Z","message":"🍻 Connected to database successfully"}
{"level":"info","time":"2025-09-05T10:24:01Z","message":"🍻🍺Connected to Redis successfully"}
{"level":"info","time":"2025-09-05T10:24:01Z","message":"❤️ Starting server on :8080"}
{"level":"info","time":"2025-09-05T10:24:09Z","message":"✅ Loaded successfully env file: "}
{"level":"info","time":"2025-09-05T10:24:09Z","message":"🍻 Connected to database successfully"}
{"level":"info","time":"2025-09-05T10:24:09Z","message":"🍻🍺Connected to Redis successfully"}
{"level":"info","time":"2025-09-05T10:24:09Z","message":"❤️ Starting server on :8080"}
{"level":"info","time":"2025-09-05T10:24:15Z","message":"✅ Loaded successfully env file: "}
{"level":"info","time":"2025-09-05T10:24:15Z","message":"🍻 Connected to database successfully"}
{"level":"info","time":"2025-09-05T10:24:15Z","message":"🍻🍺Connected to Redis successfully"}
{"level":"info","time":"2025-09-05T10:24:15Z","message":"❤️ Starting server on :8080"}
{"level":"info","time":"2025-09-05T10:24:19Z","message":"✅ Loaded successfully env file: "}
{"level":"info","time":"2025-09-05T10:24:19Z","message":"🍻 Connected to database successfully"}
{"level":"info","time":"2025-09-05T10:24:19Z","message":"🍻🍺Connected to Redis successfully"}
{"level":"info","time":"2025-09-05T10:24:19Z","message":"❤️ Starting server on :8080"}
{"level":"info","time":"2025-09-05T10:24:25Z","message":"✅ Loaded successfully env file: "}
{"level":"info","time":"2025-09-05T10:24:25Z","message":"🍻 Connected to database successfully"}
{"level":"info","time":"2025-09-05T10:24:25Z","message":"🍻🍺Connected to Redis successfully"}
{"level":"info","time":"2025-09-05T10:24:25Z","message":"❤️ Starting server on :8080"}
{"level":"info","time":"2025-09-05T10:24:30Z","message":"✅ Loaded successfully env file: "}
{"level":"info","time":"2025-09-05T10:24:30Z","message":"🍻 Connected to database successfully"}
{"level":"info","time":"2025-09-05T10:24:30Z","message":"🍻🍺Connected to Redis successfully"}
{"level":"info","time":"2025-09-05T10:24:30Z","message":"❤️ Starting server on :8080"}
{"level":"info","time":"2025-09-05T10:24:54Z","message":"✅ Loaded successfully env file: "}
{"level":"info","time":"2025-09-05T10:24:54Z","message":"🍻 Connected to database successfully"}
{"level":"info","time":"2025-09-05T10:24:54Z","message":"🍻🍺Connected to Redis successfully"}
{"level":"info","time":"2025-09-05T10:24:54Z","message":"❤️ Starting server on :8080"}
{"level":"info","time":"2025-09-05T10:25:24Z","message":"✅ Loaded successfully env file: "}
{"level":"info","time":"2025-09-05T10:25:24Z","message":"🍻 Connected to database successfully"}
{"level":"info","time":"2025-09-05T10:25:24Z","message":"🍻🍺Connected to Redis successfully"}
{"level":"info","time":"2025-09-05T10:25:24Z","message":"❤️ Starting server on :8080"}
{"level":"info","time":"2025-09-05T10:25:46Z","message":"✅ Loaded successfully env file: "}
{"level":"info","time":"2025-09-05T10:25:46Z","message":"🍻 Connected to database successfully"}
{"level":"info","time":"2025-09-05T10:25:46Z","message":"🍻🍺Connected to Redis successfully"}
{"level":"info","time":"2025-09-05T10:25:46Z","message":"❤️ Starting server on :8080"}
{"level":"info","time":"2025-09-05T10:26:14Z","message":"✅ Loaded successfully env file: "}
{"level":"info","time":"2025-09-05T10:26:14Z","message":"🍻 Connected to database successfully"}
{"level":"info","time":"2025-09-05T10:26:14Z","message":"🍻🍺Connected to Redis successfully"}
{"level":"info","time":"2025-09-05T10:26:14Z","message":"❤️ Starting server on :8080"}
{"level":"info","time":"2025-09-05T10:26:32Z","message":"✅ Loaded successfully env file: "}
{"level":"info","time":"2025-09-05T10:26:32Z","message":"🍻 Connected to database successfully"}
{"level":"info","time":"2025-09-05T10:26:32Z","message":"🍻🍺Connected to Redis successfully"}
{"level":"info","time":"2025-09-05T10:26:32Z","message":"❤️ Starting server on :8080"}
{"level":"info","time":"2025-09-05T10:26:36Z","message":"✅ Loaded successfully env file: "}
{"level":"info","time":"2025-09-05T10:26:36Z","message":"🍻 Connected to database successfully"}
{"level":"info","time":"2025-09-05T10:26:36Z","message":"🍻🍺Connected to Redis successfully"}
{"level":"info","time":"2025-09-05T10:26:36Z","message":"❤️ Starting server on :8080"}
{"level":"info","time":"2025-09-05T10:26:43Z","message":"✅ Loaded successfully env file: "}
{"level":"info","time":"2025-09-05T10:26:43Z","message":"🍻 Connected to database successfully"}
{"level":"info","time":"2025-09-05T10:26:43Z","message":"🍻🍺Connected to Redis successfully"}
{"level":"info","time":"2025-09-05T10:26:43Z","message":"❤️ Starting server on :8080"}
{"level":"info","time":"2025-09-05T10:29:57Z","message":"✅ Loaded successfully env file: "}
{"level":"info","time":"2025-09-05T10:29:57Z","message":"🍻 Connected to database successfully"}
{"level":"info","time":"2025-09-05T10:29:57Z","message":"🍻🍺Connected to Redis successfully"}
{"level":"info","time":"2025-09-05T10:29:57Z","message":"❤️ Starting server on :8080"}
{"level":"info","time":"2025-09-05T10:31:23Z","message":"✅ Loaded successfully env file: "}
{"level":"info","time":"2025-09-05T10:31:23Z","message":"🍻 Connected to database successfully"}
{"level":"info","time":"2025-09-05T10:31:23Z","message":"🍻🍺Connected to Redis successfully"}
{"level":"info","time":"2025-09-05T10:31:23Z","message":"❤️ Starting server on :8080"}
{"level":"info","time":"2025-09-05T10:31:45Z","message":"✅ Loaded successfully env file: "}
{"level":"info","time":"2025-09-05T10:31:45Z","message":"🍻 Connected to database successfully"}
{"level":"info","time":"2025-09-05T10:31:45Z","message":"🍻🍺Connected to Redis successfully"}
{"level":"info","time":"2025-09-05T10:31:45Z","message":"❤️ Starting server on :8080"}
{"level":"info","time":"2025-09-05T10:36:39Z","message":"✅ Loaded successfully env file: "}
{"level":"info","time":"2025-09-05T10:36:39Z","message":"🍻 Connected to database successfully"}
{"level":"info","time":"2025-09-05T10:36:39Z","message":"🍻🍺Connected to Redis successfully"}
{"level":"info","time":"2025-09-05T10:36:39Z","message":"❤️ Starting server on :8080"}
{"level":"info","time":"2025-09-05T10:37:24Z","message":"✅ Loaded successfully env file: "}
{"level":"info","time":"2025-09-05T10:37:24Z","message":"🍻 Connected to database successfully"}
{"level":"info","time":"2025-09-05T10:37:24Z","message":"🍻🍺Connected to Redis successfully"}
{"level":"info","time":"2025-09-05T10:37:24Z","message":"❤️ Starting server on :8080"}
{"level":"info","time":"2025-09-05T10:37:28Z","message":"✅ Loaded successfully env file: "}
{"level":"info","time":"2025-09-05T10:37:28Z","message":"🍻 Connected to database successfully"}
{"level":"info","time":"2025-09-05T10:37:28Z","message":"🍻🍺Connected to Redis successfully"}
{"level":"info","time":"2025-09-05T10:37:28Z","message":"❤️ Starting server on :8080"}
{"level":"info","time":"2025-09-05T10:37:30Z","message":"✅ Loaded successfully env file: "}
{"level":"info","time":"2025-09-05T10:37:30Z","message":"🍻 Connected to database successfully"}
{"level":"info","time":"2025-09-05T10:37:30Z","message":"🍻🍺Connected to Redis successfully"}
{"level":"info","time":"2025-09-05T10:37:30Z","message":"❤️ Starting server on :8080"}
{"level":"info","time":"2025-09-05T10:37:48Z","message":"✅ Loaded successfully env file: "}
{"level":"info","time":"2025-09-05T10:37:48Z","message":"🍻 Connected to database successfully"}
{"level":"info","time":"2025-09-05T10:37:48Z","message":"🍻🍺Connected to Redis successfully"}
{"level":"info","time":"2025-09-05T10:37:48Z","message":"❤️ Starting server on :8080"}
